
---- Frontend: Abhaengigkeiten
Resolving dependencies...
Downloading packages...
  _fe_analyzer_shared 93.0.0 (107.0.0 available)
  analyzer 10.0.1 (14.3.0 available)
  archive 4.0.9 (4.2.0 available)
  async 2.13.0 (2.13.1 available)
  auto_route_generator 10.5.0 (10.6.0 available)
  build 4.0.7 (4.0.11 available)
  build_config 1.3.2 (1.3.3 available)
  build_daemon 4.1.1 (4.1.6 available)
  build_runner 2.15.1 (2.16.1 available)
  built_value 8.12.4 (8.13.0 available)
  clock 1.1.2 (1.1.3 available)
  code_assets 1.0.0 (2.0.0 available)
  code_builder 4.11.1 (4.12.0 available)
  cross_file 0.3.5+2 (0.3.5+5 available)
  dart_style 3.1.7 (3.1.13 available)
  dbus 0.7.12 (0.7.15 available)
  desktop_drop 0.8.2 (0.8.4 available)
  dio 5.11.0 (5.11.1 available)
  dio_web_adapter 2.1.1 (2.2.2 available)
  file_picker 11.0.3 (12.2.0 available)
  flutter_plugin_android_lifecycle 2.0.33 (2.0.35 available)
  flutter_widget_from_html_core 0.17.2 (0.17.3 available)
  freezed 3.2.5 (4.0.1 available)
  glob 2.1.3 (2.2.0 available)
  hooks 1.0.3 (2.2.0 available)
  hotreloader 4.3.0 (4.4.0 available)
  html 0.15.6 (0.15.7 available)
  image 4.8.0 (4.9.2 available)
  injectable 2.7.1+4 (3.0.0 available)
  injectable_generator 2.12.1 (3.1.3 available)
  intl 0.20.2 (0.20.3 available)
  io 1.0.5 (1.1.0 available)
  lean_builder 0.1.10 (1.2.2 available)
  matcher 0.12.18 (0.12.20 available)
  material_color_utilities 0.13.0 (0.13.1 available)
  meta 1.17.0 (1.19.0 available)
  mime 2.0.0 (2.1.0 available)
  package_config 2.2.0 (3.0.0 available)
  path_provider_android 2.2.22 (2.3.1 available)
  path_provider_foundation 2.5.1 (2.6.0 available)
  path_provider_linux 2.2.1 (2.2.2 available)
  path_provider_platform_interface 2.1.2 (2.1.3 available)
  pdfium_dart 0.2.5 (0.3.0 available)
  pdfium_flutter 0.2.3 (0.3.0 available)
  pdfrx 2.4.7 (2.6.1 available)
  pdfrx_engine 0.4.5 (0.6.0 available)
  pool 1.5.2 (1.5.3 available)
  posix 6.5.0 (6.5.2 available)
  pub_semver 2.2.0 (2.2.1 available)
  pubspec_parse 1.5.0 (1.6.0 available)
  record_use 0.6.0 (1.1.1 available)
  source_gen 4.2.0 (4.3.0 available)
  source_helper 1.3.10 (1.3.13 available)
  sse_channel 0.1.1 (0.2.2 available)
  stack_trace 1.12.1 (1.12.2 available)
  stream_transform 2.1.1 (2.1.2 available)
  synchronized 3.4.0+1 (3.4.1+2 available)
  test_api 0.7.9 (0.7.14 available)
  url_launcher_android 6.3.30 (6.3.33 available)
  url_launcher_ios 6.4.1 (6.4.2 available)
  url_launcher_linux 3.2.2 (3.2.3 available)
  url_launcher_macos 3.2.5 (3.2.6 available)
  url_launcher_windows 3.1.5 (3.1.6 available)
  uuid 4.5.3 (4.6.0 available)
  vector_math 2.2.0 (2.4.2 available)
  vm_service 15.0.2 (15.3.0 available)
  win32 5.15.0 (6.4.0 available)
  xml 6.6.1 (7.0.1 available)
  yaml 3.1.3 (3.1.4 available)
Got dependencies!
69 packages have newer versions incompatible with dependency constraints.
Try `flutter pub outdated` for more information.

---- Frontend: Sperrdatei passt zur Toolchain

---- Frontend: Codegenerierung
  0s freezed on 954 inputs; lib/core/aktualisierung/aktualisierung_builder.dart
  0s freezed on 954 inputs: 1 skipped; lib/core/aktualisierung/aktualisierungs_ergebnis.dart
  64s freezed on 954 inputs: 32 skipped, 1 no-op; spent 50s analyzing, 11s resolving, 2s reading; lib/core/general_widgets/drawer/app_side_bar.dart
  97s freezed on 954 inputs: 495 skipped, 7 no-op; spent 73s analyzing, 18s resolving, 5s reading; lib/features/settings/presentation/views/app_settings_view.dart
  97s freezed on 954 inputs: 939 skipped, 15 no-op; spent 73s analyzing, 18s resolving, 5s reading
  0s json_serializable on 1908 inputs; lib/core/aktualisierung/aktualisierung_builder.dart
  1s json_serializable on 1908 inputs: 64 skipped, 1 no-op; spent 1s analyzing; lib/core/general_widgets/drawer/app_shell_page.freezed.dart
  4s json_serializable on 1908 inputs: 1541 skipped, 16 no-op; spent 3s analyzing; test/features/backup/synchronisations_leiste_test.freezed.dart
  4s json_serializable on 1908 inputs: 1890 skipped, 18 no-op; spent 3s analyzing
  0s source_gen:combining_builder on 1908 inputs; lib/core/aktualisierung/aktualisierung_builder.dart
  1s source_gen:combining_builder on 1908 inputs: 507 skipped, 2 no-op; lib/features/form_template_setup/domain/services/feld_abgleich.freezed.dart
  1s source_gen:combining_builder on 1908 inputs: 1906 skipped, 2 no-op; spent 1s tracking
  0s injectable_generator:injectable_builder on 3816 inputs; lib/core/aktualisierung/aktualisierung_builder.dart
  3s injectable_generator:injectable_builder on 3816 inputs: 128 skipped, 1 no-op; spent 3s analyzing; lib/core/general_widgets/drawer/app_shell_page.freezed.dart
  4s injectable_generator:injectable_builder on 3816 inputs: 3798 skipped, 18 no-op; spent 3s analyzing
  0s injectable_generator:injectable_config_builder on 3816 inputs; lib/core/aktualisierung/aktualisierung_builder.dart
  1s injectable_generator:injectable_config_builder on 3816 inputs: 128 skipped, 1 no-op; lib/core/general_widgets/drawer/app_shell_page.freezed.dart
  1s injectable_generator:injectable_config_builder on 3816 inputs: 3801 skipped, 15 no-op
  0s auto_route_generator on 11448 inputs; lib/core/aktualisierung/aktualisierung_builder.config.dart
  17s auto_route_generator on 11448 inputs: 385 skipped, 1 same; spent 16s analyzing; lib/core/general_widgets/drawer/app_shell_page.freezed.config.dart
  17s auto_route_generator on 11448 inputs: 11433 skipped, 2 same, 13 no-op; spent 16s analyzing
  0s auto_route_generator:auto_router_generator on 11448 inputs; lib/core/aktualisierung/aktualisierung_builder.config.dart
  1s auto_route_generator:auto_router_generator on 11448 inputs: 385 skipped, 1 no-op; lib/core/general_widgets/drawer/app_shell_page.freezed.config.dart
  2s auto_route_generator:auto_router_generator on 11448 inputs: 5504 skipped, 6 no-op; lib/features/mandanten/presentation/widgets/mandant_info_chip.freezed.config.dart
  2s auto_route_generator:auto_router_generator on 11448 inputs: 11434 skipped, 14 no-op
  Built with build_runner/aot in 173s; wrote 2 outputs.

---- Frontend: generierter Stand aktuell

---- Frontend: Formatierung
Formatted 956 files (0 changed) in 9.56 seconds.

---- Frontend: Analyse
